[2026-09-11 21:22:03] ========================================================
[2026-09-11 21:22:03] stock-lens 本地数据更新开始
[2026-09-11 21:22:04] node        : C:\Users\zoush\.workbuddy\binaries\node\versions\24.14.0\node.EXE
[2026-09-11 21:22:04] westock-tool: C:\Users\zoush\.workbuddy\plugins\cache\cb_teams_marketplace\finance-data\1.5.0\skills\westock-tool\scripts\index.js
[2026-09-11 21:22:04] westock-go  : C:\Users\zoush\.local\bin\westock.exe
[2026-09-11 21:22:04] [1/4] 条件选股
[2026-09-11 21:22:05]   + 低估值（LowPE）15 只
[2026-09-11 21:22:06]   + 高股息（HighDividend）15 只
[2026-09-11 21:22:07]   + 高ROE（HighROE）15 只
[2026-09-11 21:22:08]   + 主力资金流入（MainInflow）15 只
[2026-09-11 21:22:08] [2/4] 热点板块
[2026-09-11 21:22:09]   + 板块排行 15 条
[2026-09-11 21:22:09] [3/4] 热搜板块
[2026-09-11 21:22:10]   + 热搜板块 12 条
[2026-09-11 21:22:10] [4/4] 自选跟踪
[2026-09-11 21:22:10]   + 自选行情 4 只
[2026-09-11 21:22:10] 已写出 D:\workbuddylujing\2026-09-11-20-31-59\local\web\data.js（9.7 KB）
[2026-09-11 21:22:10] 完成：4/4 个板块取数成功
[2026-09-11 21:22:10] ========================================================
[2026-09-11 21:22:52] ========================================================
[2026-09-11 21:22:52] stock-lens 本地数据更新开始
[2026-09-11 21:22:52] node        : C:\Users\zoush\.workbuddy\binaries\node\versions\24.14.0\node.EXE
[2026-09-11 21:22:52] westock-tool: C:\Users\zoush\.workbuddy\plugins\cache\cb_teams_marketplace\finance-data\1.5.0\skills\westock-tool\scripts\index.js
[2026-09-11 21:22:52] westock-go  : C:\Users\zoush\.local\bin\westock.exe
[2026-09-11 21:22:52] [1/4] 条件选股
[2026-09-11 21:22:53]   + 低估值（LowPE）15 只
[2026-09-11 21:22:54]   + 高股息（HighDividend）15 只
[2026-09-11 21:22:55]   + 高ROE（HighROE）15 只
[2026-09-11 21:22:56]   + 主力资金流入（MainInflow）15 只
[2026-09-11 21:22:56] [2/4] 热点板块
[2026-09-11 21:22:57]   + 板块排行 15 条
[2026-09-11 21:22:57] [3/4] 热搜板块
[2026-09-11 21:22:57]   + 热搜板块 12 条
[2026-09-11 21:22:57] [4/4] 自选跟踪
[2026-09-11 21:22:58]   + 自选行情 4 只
[2026-09-11 21:22:58] 已写出 D:\workbuddylujing\2026-09-11-20-31-59\local\web\data.js（12.2 KB）
[2026-09-11 21:22:58] 完成：4/4 个板块取数成功
[2026-09-11 21:22:58] ========================================================
[2026-09-11 21:24:02] ========================================================
[2026-09-11 21:24:02] stock-lens 本地数据更新开始
[2026-09-11 21:24:02] node        : C:\Users\zoush\.workbuddy\binaries\node\versions\24.14.0\node.EXE
[2026-09-11 21:24:02] westock-tool: C:\Users\zoush\.workbuddy\plugins\cache\cb_teams_marketplace\finance-data\1.5.0\skills\westock-tool\scripts\index.js
[2026-09-11 21:24:02] westock-go  : C:/Users/zoush/.workbuddy/binaries/node/versions/22.22.2-2/node.exe
[2026-09-11 21:24:02] [1/4] 条件选股
[2026-09-11 21:24:03]   + 低估值（LowPE）15 只
[2026-09-11 21:24:05]   + 高股息（HighDividend）15 只
[2026-09-11 21:24:06]   + 高ROE（HighROE）15 只
[2026-09-11 21:24:07]   + 主力资金流入（MainInflow）15 只
[2026-09-11 21:24:07] [2/4] 热点板块
[2026-09-11 21:24:07]   ! sectors 拉取失败（exit=1 node:internal/modules/cjs/loader:1386
  throw err;
  ^

Error: Cannot find module 'D:\workbuddylujing\2026-09-11-20-31-59\local\sector'
    at Function._resolveFilename (node:internal/modules/cjs）-> 降级使用 2026-09-11 21:22:58 的留档，共 15 条
[2026-09-11 21:24:07] [3/4] 热搜板块
[2026-09-11 21:24:07]   ! hot 拉取失败（exit=1 node:internal/modules/cjs/loader:1386
  throw err;
  ^

Error: Cannot find module 'D:\workbuddylujing\2026-09-11-20-31-59\local\hot'
    at Function._resolveFilename (node:internal/modules/cjs/lo）-> 降级使用 2026-09-11 21:22:58 的留档，共 12 条
[2026-09-11 21:24:07] [4/4] 自选跟踪
[2026-09-11 21:24:07]   ! watchlist 拉取失败（exit=1 node:internal/modules/cjs/loader:1386
  throw err;
  ^

Error: Cannot find module 'D:\workbuddylujing\2026-09-11-20-31-59\local\quote'
    at Function._resolveFilename (node:internal/modules/cjs/）-> 降级使用 2026-09-11 21:22:58 的留档，共 4 条
[2026-09-11 21:24:07] 已写出 D:\workbuddylujing\2026-09-11-20-31-59\local\web\data.js（12.8 KB）
[2026-09-11 21:24:07] 完成：1/4 个板块取数成功
[2026-09-11 21:24:07] ========================================================
[2026-09-11 21:24:19] ========================================================
[2026-09-11 21:24:19] stock-lens 本地数据更新开始
[2026-09-11 21:24:19] node        : C:\Users\zoush\.workbuddy\binaries\node\versions\24.14.0\node.EXE
[2026-09-11 21:24:19] westock-tool: C:\Users\zoush\.workbuddy\plugins\cache\cb_teams_marketplace\finance-data\1.5.0\skills\westock-tool\scripts\index.js
[2026-09-11 21:24:19] westock-go  : C:\Users\zoush\.local\bin\westock.exe
[2026-09-11 21:24:19] [1/4] 条件选股
[2026-09-11 21:24:20]   + 低估值（LowPE）15 只
[2026-09-11 21:24:21]   + 高股息（HighDividend）15 只
[2026-09-11 21:24:22]   + 高ROE（HighROE）15 只
[2026-09-11 21:24:23]   + 主力资金流入（MainInflow）15 只
[2026-09-11 21:24:23] [2/4] 热点板块
[2026-09-11 21:24:24]   + 板块排行 15 条
[2026-09-11 21:24:24] [3/4] 热搜板块
[2026-09-11 21:24:25]   + 热搜板块 12 条
[2026-09-11 21:24:25] [4/4] 自选跟踪
[2026-09-11 21:24:25]   + 自选行情 4 只
[2026-09-11 21:24:25] 已写出 D:\workbuddylujing\2026-09-11-20-31-59\local\web\data.js（12.2 KB）
[2026-09-11 21:24:25] 完成：4/4 个板块取数成功
[2026-09-11 21:24:25] ========================================================
[2026-09-11 22:03:45] ========================================================
[2026-09-11 22:03:45] stock-lens 本地数据更新开始
[2026-09-11 22:03:45] 今天已成功更新过（2026-09-11 21:24:25，4/4 成功）
[2026-09-11 22:03:45] 本次跳过 —— 属于计划任务的开机补跑保护。强制重跑请加 --force
[2026-09-11 22:03:45] ========================================================
[2026-09-11 22:04:11] ========================================================
[2026-09-11 22:04:11] stock-lens 本地数据更新开始
[2026-09-11 22:04:11] node        : C:\Users\zoush\.workbuddy\binaries\node\versions\24.14.0\node.EXE
[2026-09-11 22:04:11] westock-tool: C:\Users\zoush\.workbuddy\plugins\cache\cb_teams_marketplace\finance-data\1.5.0\skills\westock-tool\scripts\index.js
[2026-09-11 22:04:11] westock-go  : C:\Users\zoush\.local\bin\westock.exe
[2026-09-11 22:04:11] [1/4] 条件选股
[2026-09-11 22:04:12]   + 低估值（LowPE）15 只
[2026-09-11 22:04:13]   + 高股息（HighDividend）15 只
[2026-09-11 22:04:14]   + 高ROE（HighROE）15 只
[2026-09-11 22:04:15]   + 主力资金流入（MainInflow）15 只
[2026-09-11 22:04:16] [2/4] 热点板块
[2026-09-11 22:04:16]   + 板块排行 15 条
[2026-09-11 22:04:16] [3/4] 热搜板块
[2026-09-11 22:04:17]   + 热搜板块 12 条
[2026-09-11 22:04:17] [4/4] 自选跟踪
[2026-09-11 22:04:17]   + 自选行情 4 只
[2026-09-11 22:04:18] 已写出 D:\workbuddylujing\2026-09-11-20-31-59\local\web\data.js（12.2 KB）
[2026-09-11 22:04:18] 完成：4/4 个板块取数成功
[2026-09-11 22:04:18] ========================================================
[2026-09-11 23:22:36] ========================================================
[2026-09-11 23:22:36] stock-lens 本地数据更新开始
[2026-09-11 23:22:36] node        : C:\Users\zoush\.workbuddy\binaries\node\versions\24.14.0\node.EXE
[2026-09-11 23:22:36] westock-tool: C:\Users\zoush\.workbuddy\plugins\cache\cb_teams_marketplace\finance-data\1.5.0\skills\westock-tool\scripts\index.js
[2026-09-11 23:22:36] westock-go  : C:\Users\zoush\.local\bin\westock.exe
[2026-09-11 23:22:36] [1/4] 条件选股
[2026-09-11 23:22:37]   + 低估值（LowPE）15 只
[2026-09-11 23:22:38]   + 高股息（HighDividend）15 只
[2026-09-11 23:22:40]   + 高ROE（HighROE）15 只
[2026-09-11 23:22:41]   + 主力资金流入（MainInflow）15 只
[2026-09-11 23:22:41] [2/4] 热点板块
[2026-09-11 23:22:42]   + 板块排行 15 条
[2026-09-11 23:22:42] [3/4] 热搜板块
[2026-09-11 23:22:42]   + 热搜板块 12 条
[2026-09-11 23:22:42] [4/5] 自选跟踪
[2026-09-11 23:22:43]   + 自选行情 4 只
[2026-09-11 23:22:43] [5/5] 博主内容
[2026-09-11 23:22:44]   + 早报 · 开盘必读 8 条
[2026-09-11 23:22:44]   + 晚报 · 湖南人 5 条
[2026-09-11 23:22:44]   + 晚报 · shenghuo329 5 条
[2026-09-11 23:22:44]   + 投资日历 6 条
[2026-09-11 23:22:44] 已写出 D:\workbuddylujing\2026-09-11-20-31-59\local\web\data.js（21.3 KB）
[2026-09-11 23:22:44] 完成：5/5 个板块取数成功
[2026-09-11 23:22:44] ========================================================
[2026-09-11 23:24:41] ========================================================
[2026-09-11 23:24:41] stock-lens 本地数据更新开始
[2026-09-11 23:24:41] node        : C:\Users\zoush\.workbuddy\binaries\node\versions\24.14.0\node.EXE
[2026-09-11 23:24:41] westock-tool: C:\Users\zoush\.workbuddy\plugins\cache\cb_teams_marketplace\finance-data\1.5.0\skills\westock-tool\scripts\index.js
[2026-09-11 23:24:41] westock-go  : C:\Users\zoush\.local\bin\westock.exe
[2026-09-11 23:24:41] [1/5] 条件选股
[2026-09-11 23:24:42]   + 低估值（LowPE）15 只
[2026-09-11 23:24:44]   + 高股息（HighDividend）15 只
[2026-09-11 23:24:45]   + 高ROE（HighROE）15 只
[2026-09-11 23:24:46]   + 主力资金流入（MainInflow）15 只
[2026-09-11 23:24:46] [2/5] 热点板块
[2026-09-11 23:24:47]   + 板块排行 15 条
[2026-09-11 23:24:47] [3/5] 热搜板块
[2026-09-11 23:24:47]   + 热搜板块 12 条
[2026-09-11 23:24:47] [4/5] 自选跟踪
[2026-09-11 23:24:48]   + 自选行情 4 只
[2026-09-11 23:24:48] [5/5] 博主内容
[2026-09-11 23:24:49]   + 早报 · 开盘必读 8 条
[2026-09-11 23:24:49]   + 晚报 · 湖南人 5 条
[2026-09-11 23:24:49]   + 晚报 · shenghuo329 5 条
[2026-09-11 23:24:49]   + 投资日历 6 条
[2026-09-11 23:24:49] 已写出 D:\workbuddylujing\2026-09-11-20-31-59\local\web\data.js（21.3 KB）
[2026-09-11 23:24:49] 完成：5/5 个板块取数成功
[2026-09-11 23:24:49] ========================================================
[2026-09-11 23:26:14] ========================================================
[2026-09-11 23:26:15] stock-lens 本地数据更新开始
[2026-09-11 23:26:15] node        : C:\Users\zoush\.workbuddy\binaries\node\versions\24.14.0\node.EXE
[2026-09-11 23:26:15] westock-tool: C:\Users\zoush\.workbuddy\plugins\cache\cb_teams_marketplace\finance-data\1.5.0\skills\westock-tool\scripts\index.js
[2026-09-11 23:26:15] westock-go  : C:\Users\zoush\.local\bin\westock.exe
[2026-09-11 23:26:15] [1/5] 条件选股
[2026-09-11 23:26:16]   + 低估值（LowPE）15 只
[2026-09-11 23:26:17]   + 高股息（HighDividend）15 只
[2026-09-11 23:26:18]   + 高ROE（HighROE）15 只
[2026-09-11 23:26:19]   + 主力资金流入（MainInflow）15 只
[2026-09-11 23:26:19] [2/5] 热点板块
[2026-09-11 23:26:20]   + 板块排行 15 条
[2026-09-11 23:26:20] [3/5] 热搜板块
[2026-09-11 23:26:21]   + 热搜板块 12 条
[2026-09-11 23:26:21] [4/5] 自选跟踪
[2026-09-11 23:26:21]   + 自选行情 4 只
[2026-09-11 23:26:21] [5/5] 博主内容
[2026-09-11 23:26:23]   + 早报 · 开盘必读 8 条
[2026-09-11 23:26:23]   + 晚报 · 湖南人 5 条
[2026-09-11 23:26:23]   + 晚报 · shenghuo329 5 条
[2026-09-11 23:26:23]   + 投资日历 6 条
[2026-09-11 23:26:23] 已写出 D:\workbuddylujing\2026-09-11-20-31-59\local\web\data.js（21.3 KB）
[2026-09-11 23:26:23] 完成：5/5 个板块取数成功
[2026-09-11 23:26:23] ========================================================
[2026-09-11 23:26:23] ========================================================
[2026-09-11 23:26:23] stock-lens 本地数据更新开始
[2026-09-11 23:26:23] 本轮（第 4/4 轮）今天已成功更新过（2026-09-11 23:26:23，5/5 成功）
[2026-09-11 23:26:23] 本次跳过 —— 属于计划任务的开机补跑保护。强制重跑请加 --force
[2026-09-11 23:26:23] ========================================================
[2026-09-11 23:27:51] ========================================================
[2026-09-11 23:27:51] stock-lens 本地数据更新开始
[2026-09-11 23:27:51] node        : C:\Users\zoush\.workbuddy\binaries\node\versions\24.14.0\node.EXE
[2026-09-11 23:27:51] westock-tool: C:\Users\zoush\.workbuddy\plugins\cache\cb_teams_marketplace\finance-data\1.5.0\skills\westock-tool\scripts\index.js
[2026-09-11 23:27:51] westock-go  : C:\Users\zoush\.local\bin\westock.exe
[2026-09-11 23:27:51] [1/5] 条件选股
[2026-09-11 23:27:53]   + 低估值（LowPE）15 只
[2026-09-11 23:27:54]   + 高股息（HighDividend）15 只
[2026-09-11 23:27:55]   + 高ROE（HighROE）15 只
[2026-09-11 23:27:56]   + 主力资金流入（MainInflow）15 只
[2026-09-11 23:27:56] [2/5] 热点板块
[2026-09-11 23:27:57]   + 板块排行 15 条
[2026-09-11 23:27:57] [3/5] 热搜板块
[2026-09-11 23:27:57]   + 热搜板块 12 条
[2026-09-11 23:27:57] [4/5] 自选跟踪
[2026-09-11 23:27:58]   + 自选行情 4 只
[2026-09-11 23:27:58] [5/5] 博主内容
[2026-09-11 23:27:59]   + 早报 · 开盘必读 8 条
[2026-09-11 23:27:59]   + 晚报 · 湖南人 5 条
[2026-09-11 23:27:59]   + 晚报 · shenghuo329 5 条
[2026-09-11 23:27:59]   + 投资日历 6 条
[2026-09-11 23:27:59] 已写出 D:\workbuddylujing\2026-09-11-20-31-59\local\web\data.js（20.5 KB）
[2026-09-11 23:27:59] 完成：5/5 个板块取数成功
[2026-09-11 23:27:59] ========================================================
[2026-09-11 23:30:07] ========================================================
[2026-09-11 23:30:07] stock-lens 本地数据更新开始
[2026-09-11 23:30:07] node        : C:\Users\zoush\.workbuddy\binaries\node\versions\24.14.0\node.EXE
[2026-09-11 23:30:07] westock-tool: C:\Users\zoush\.workbuddy\plugins\cache\cb_teams_marketplace\finance-data\1.5.0\skills\westock-tool\scripts\index.js
[2026-09-11 23:30:07] westock-go  : C:\Users\zoush\.local\bin\westock.exe
[2026-09-11 23:30:07] [1/5] 条件选股
[2026-09-11 23:30:09]   + 低估值（LowPE）15 只
[2026-09-11 23:30:10]   + 高股息（HighDividend）15 只
[2026-09-11 23:30:11]   + 高ROE（HighROE）15 只
[2026-09-11 23:30:12]   + 主力资金流入（MainInflow）15 只
[2026-09-11 23:30:12] [2/5] 热点板块
[2026-09-11 23:30:13]   + 板块排行 15 条
[2026-09-11 23:30:13] [3/5] 热搜板块
[2026-09-11 23:30:13]   + 热搜板块 12 条
[2026-09-11 23:30:13] [4/5] 自选跟踪
[2026-09-11 23:30:14]   + 自选行情 4 只
[2026-09-11 23:30:14] [5/5] 博主内容
[2026-09-11 23:30:15]   + 早报 · 开盘必读 8 条
[2026-09-11 23:30:15]   + 晚报 · 湖南人 5 条
[2026-09-11 23:30:15]   + 晚报 · shenghuo329 5 条
[2026-09-11 23:30:15]   + 投资日历 6 条
[2026-09-11 23:30:15] 已写出 D:\workbuddylujing\2026-09-11-20-31-59\local\web\data.js（20.5 KB）
[2026-09-11 23:30:15] 完成：5/5 个板块取数成功
[2026-09-11 23:30:15] ========================================================
[2026-09-12 18:10:01] ========================================================
[2026-09-12 18:10:01] stock-lens 本地数据更新开始
[2026-09-12 18:10:01] node        : C:\Users\zoush\.workbuddy\binaries\node\versions\24.14.0\node.exe
[2026-09-12 18:10:01] westock-tool: C:\Users\zoush\.workbuddy\plugins\cache\cb_teams_marketplace\finance-data\1.5.0\skills\westock-tool\scripts\index.js
[2026-09-12 18:10:01] westock-go  : C:\Users\zoush\.local\bin\westock.exe
[2026-09-12 18:10:01] [1/5] 条件选股
[2026-09-12 18:10:02]   + 低估值（LowPE）15 只
[2026-09-12 18:10:03]   + 高股息（HighDividend）15 只
[2026-09-12 18:10:05]   + 高ROE（HighROE）15 只
[2026-09-12 18:10:06]   + 主力资金流入（MainInflow）15 只
[2026-09-12 18:10:06] [2/5] 热点板块
[2026-09-12 18:10:07]   + 板块排行 15 条
[2026-09-12 18:10:07] [3/5] 热搜板块
[2026-09-12 18:10:07]   + 热搜板块 12 条
[2026-09-12 18:10:07] [4/5] 自选跟踪
[2026-09-12 18:10:08]   + 自选行情 4 只
[2026-09-12 18:10:08] [5/5] 博主内容
[2026-09-12 18:10:10]   + 早报 · 开盘必读 8 条
[2026-09-12 18:10:10]   + 晚报 · 湖南人 5 条
[2026-09-12 18:10:10]   + 晚报 · shenghuo329 5 条
[2026-09-12 18:10:10]   + 投资日历 6 条
[2026-09-12 18:10:10] 已写出 D:\workbuddylujing\2026-09-11-20-31-59\local\web\data.js（20.5 KB）
[2026-09-12 18:10:10] 完成：5/5 个板块取数成功
[2026-09-12 18:10:10] ========================================================
[2026-09-13 20:19:46] ========================================================
[2026-09-13 20:19:46] stock-lens 本地数据更新开始
[2026-09-13 20:19:46] node        : C:\Users\zoush\.workbuddy\binaries\node\versions\24.14.0\node.exe
[2026-09-13 20:19:46] westock-tool: C:\Users\zoush\.workbuddy\plugins\cache\cb_teams_marketplace\finance-data\1.5.0\skills\westock-tool\scripts\index.js
[2026-09-13 20:19:46] westock-go  : C:\Users\zoush\.local\bin\westock.exe
[2026-09-13 20:19:46] [1/5] 条件选股
[2026-09-13 20:19:48]   + 低估值（LowPE）15 只
[2026-09-13 20:19:49]   + 高股息（HighDividend）15 只
[2026-09-13 20:19:50]   + 高ROE（HighROE）15 只
[2026-09-13 20:19:51]   + 主力资金流入（MainInflow）15 只
[2026-09-13 20:19:51] [2/5] 热点板块
[2026-09-13 20:19:52]   + 板块排行 15 条
[2026-09-13 20:19:52] [3/5] 热搜板块
[2026-09-13 20:19:52]   + 热搜板块 12 条
[2026-09-13 20:19:52] [4/5] 自选跟踪
[2026-09-13 20:19:53]   + 自选行情 4 只
[2026-09-13 20:19:53] [5/5] 博主内容
[2026-09-13 20:19:54]   + 早报 · 开盘必读 8 条
[2026-09-13 20:19:54]   + 晚报 · 湖南人 5 条
[2026-09-13 20:19:54]   + 晚报 · shenghuo329 5 条
[2026-09-13 20:19:54]   + 投资日历 6 条
[2026-09-13 20:19:54] 已写出 D:\workbuddylujing\2026-09-11-20-31-59\local\web\data.js（20.5 KB）
[2026-09-13 20:19:54] 完成：5/5 个板块取数成功
[2026-09-13 20:19:54] ========================================================
[2026-09-14 18:10:01] ========================================================
[2026-09-14 18:10:01] stock-lens 本地数据更新开始
[2026-09-14 18:10:01] node        : C:\Users\zoush\.workbuddy\binaries\node\versions\24.14.0\node.exe
[2026-09-14 18:10:01] westock-tool: C:\Users\zoush\.workbuddy\plugins\cache\cb_teams_marketplace\finance-data\1.5.0\skills\westock-tool\scripts\index.js
[2026-09-14 18:10:01] westock-go  : C:\Users\zoush\.local\bin\westock.exe
[2026-09-14 18:10:01] [1/5] 条件选股
[2026-09-14 18:10:02]   + 低估值（LowPE）15 只
[2026-09-14 18:10:03]   + 高股息（HighDividend）15 只
[2026-09-14 18:10:05]   + 高ROE（HighROE）15 只
[2026-09-14 18:10:06]   + 主力资金流入（MainInflow）15 只
[2026-09-14 18:10:06] [2/5] 热点板块
[2026-09-14 18:10:06]   + 板块排行 15 条
[2026-09-14 18:10:06] [3/5] 热搜板块
[2026-09-14 18:10:07]   + 热搜板块 12 条
[2026-09-14 18:10:07] [4/5] 自选跟踪
[2026-09-14 18:10:08]   + 自选行情 4 只
[2026-09-14 18:10:08] [5/5] 博主内容
[2026-09-14 18:10:09]   + 早报 · 开盘必读 8 条
[2026-09-14 18:10:09]   + 晚报 · 湖南人 5 条
[2026-09-14 18:10:09]   + 晚报 · shenghuo329 5 条
[2026-09-14 18:10:09]   + 投资日历 6 条
[2026-09-14 18:10:09] 已写出 D:\workbuddylujing\2026-09-11-20-31-59\local\web\data.js（20.3 KB）
[2026-09-14 18:10:09] 完成：5/5 个板块取数成功
[2026-09-14 18:10:09] ========================================================
